// Jest Snapshot v1, https://goo.gl/fbAQLP

exports[`renders a snapshot 1`] = `
<div>
  <div
    className="header-container"
  >
    <header
      className="header-title"
    >
      <a
        className="Link"
        href="/"
        onClick={[Function]}
      >
        <h1>
           The Zephr Originals. 
        </h1>
        <h2>
          Z-Girls & Z-Boys of the 70's
        </h2>
      </a>
    </header>
  </div>
  <div
    className="intro-image brighten"
  >
    <a
      className="Link"
      href="/albums"
      onClick={[Function]}
    >
      <a
        className="video"
      >
        <img
          alt="standing on boards"
          src="introImage.jpg"
        />
      </a>
      <span
        className="play-video"
      >
        <h1>
          GO TO IMAGE GALLERY
        </h1>
      </span>
    </a>
  </div>
</div>
`;
